Using pre-set license
Built from '2022.3/staging' branch; Version is '2022.3.25f1 (530ae0ba3889) revision 5442272'; Using compiler version '192829333'; Build Type 'Release'
OS: 'Windows 10  (10.0.19045) 64bit Professional' Language: 'en' Physical Memory: 5577 MB
BatchMode: 1, IsHumanControllingUs: 0, StartBugReporterOnCrash: 0, Is64bit: 1, IsPro: 1

COMMAND LINE ARGUMENTS:
D:\Unity\Unity Hub\Unity 2022.3.25f1\Editor\Unity.exe
-adb2
-batchMode
-noUpm
-name
AssetImportWorker0
-projectPath
D:/Unity/Projects/SlendrinaTheCeller/Slendrina_the_Cellar/SlendrinaTheCellar_Unity
-logFile
Logs/AssetImportWorker0.log
-srvPort
52109
Successfully changed project path to: D:/Unity/Projects/SlendrinaTheCeller/Slendrina_the_Cellar/SlendrinaTheCellar_Unity
D:/Unity/Projects/SlendrinaTheCeller/Slendrina_the_Cellar/SlendrinaTheCellar_Unity
[UnityMemory] Configuration Parameters - Can be set up in boot.config
    "memorysetup-bucket-allocator-granularity=16"
    "memorysetup-bucket-allocator-bucket-count=8"
    "memorysetup-bucket-allocator-block-size=33554432"
    "memorysetup-bucket-allocator-block-count=8"
    "memorysetup-main-allocator-block-size=16777216"
    "memorysetup-thread-allocator-block-size=16777216"
    "memorysetup-gfx-main-allocator-block-size=16777216"
    "memorysetup-gfx-thread-allocator-block-size=16777216"
    "memorysetup-cache-allocator-block-size=4194304"
    "memorysetup-typetree-allocator-block-size=2097152"
    "memorysetup-profiler-bucket-allocator-granularity=16"
    "memorysetup-profiler-bucket-allocator-bucket-count=8"
    "memorysetup-profiler-bucket-allocator-block-size=33554432"
    "memorysetup-profiler-bucket-allocator-block-count=8"
    "memorysetup-profiler-allocator-block-size=16777216"
    "memorysetup-profiler-editor-allocator-block-size=1048576"
    "memorysetup-temp-allocator-size-main=16777216"
    "memorysetup-job-temp-allocator-block-size=2097152"
    "memorysetup-job-temp-allocator-block-size-background=1048576"
    "memorysetup-job-temp-allocator-reduction-small-platforms=262144"
    "memorysetup-allocator-temp-initial-block-size-main=262144"
    "memorysetup-allocator-temp-initial-block-size-worker=262144"
    "memorysetup-temp-allocator-size-background-worker=32768"
    "memorysetup-temp-allocator-size-job-worker=262144"
    "memorysetup-temp-allocator-size-preload-manager=33554432"
    "memorysetup-temp-allocator-size-nav-mesh-worker=65536"
    "memorysetup-temp-allocator-size-audio-worker=65536"
    "memorysetup-temp-allocator-size-cloud-worker=32768"
    "memorysetup-temp-allocator-size-gi-baking-worker=262144"
    "memorysetup-temp-allocator-size-gfx=262144"
Player connection [10336] Host "[IP] 192.168.10.37 [Port] 0 [Flags] 2 [Guid] 3366311588 [EditorId] 3366311588 [Version] 1048832 [Id] WindowsEditor(7,DESKTOP-UMO8FOL) [Debug] 1 [PackageName] WindowsEditor [ProjectName] Editor" joined multi-casting on [225.0.0.222:54997]...

Player connection [10336] Host "[IP] 192.168.10.37 [Port] 0 [Flags] 2 [Guid] 3366311588 [EditorId] 3366311588 [Version] 1048832 [Id] WindowsEditor(7,DESKTOP-UMO8FOL) [Debug] 1 [PackageName] WindowsEditor [ProjectName] Editor" joined alternative multi-casting on [225.0.0.222:34997]...

[Physics::Module] Initialized MultithreadedJobDispatcher with 3 workers.
Refreshing native plugins compatible for Editor in 679.37 ms, found 0 plugins.
Preloading 0 native plugins for Editor in 0.00 ms.
Initialize engine version: 2022.3.25f1 (530ae0ba3889)
[Subsystems] Discovering subsystems at path D:/Unity/Unity Hub/Unity 2022.3.25f1/Editor/Data/Resources/UnitySubsystems
[Subsystems] Discovering subsystems at path D:/Unity/Projects/SlendrinaTheCeller/Slendrina_the_Cellar/SlendrinaTheCellar_Unity/Assets
GfxDevice: creating device client; threaded=0; jobified=0
Direct3D:
    Version:  Direct3D 11.0 [level 11.1]
    Renderer: AMD Radeon HD 8330 (ID=0x9832)
    Vendor:   ATI
    VRAM:     2788 MB
    Driver:   27.20.1034.6
Initialize mono
Mono path[0] = 'D:/Unity/Unity Hub/Unity 2022.3.25f1/Editor/Data/Managed'
Mono path[1] = 'D:/Unity/Unity Hub/Unity 2022.3.25f1/Editor/Data/MonoBleedingEdge/lib/mono/unityjit-win32'
Mono config path = 'D:/Unity/Unity Hub/Unity 2022.3.25f1/Editor/Data/MonoBleedingEdge/etc'
Using monoOptions --debugger-agent=transport=dt_socket,embedding=1,server=y,suspend=n,address=127.0.0.1:56976
Begin MonoManager ReloadAssembly
Registering precompiled unity dll's ...
Register platform support module: D:/Unity/Unity Hub/Unity 2022.3.25f1/Editor/Data/PlaybackEngines/WindowsStandaloneSupport/UnityEditor.WindowsStandalone.Extensions.dll
Registered in 0.318387 seconds.
- Loaded All Assemblies, in  4.567 seconds
Native extension for WindowsStandalone target not found
Mono: successfully reloaded assembly
- Finished resetting the current domain, in  2.083 seconds
Domain Reload Profiling: 6648ms
	BeginReloadAssembly (2272ms)
		ExecutionOrderSort (0ms)
		DisableScriptedObjects (0ms)
		BackupInstance (0ms)
		ReleaseScriptingObjects (0ms)
		CreateAndSetChildDomain (6ms)
	RebuildCommonClasses (300ms)
	RebuildNativeTypeToScriptingClass (74ms)
	initialDomainReloadingComplete (619ms)
	LoadAllAssembliesAndSetupDomain (1298ms)
		LoadAssemblies (2268ms)
		RebuildTransferFunctionScriptingTraits (0ms)
		AnalyzeDomain (1284ms)
			TypeCache.Refresh (1276ms)
				TypeCache.ScanAssembly (1153ms)
			ScanForSourceGeneratedMonoScriptInfo (2ms)
			ResolveRequiredComponents (4ms)
	FinalizeReload (2086ms)
		ReleaseScriptCaches (0ms)
		RebuildScriptCaches (0ms)
		SetupLoadedEditorAssemblies (1687ms)
			LogAssemblyErrors (0ms)
			InitializePlatformSupportModulesInManaged (47ms)
			SetLoadedEditorAssemblies (49ms)
			RefreshPlugins (0ms)
			BeforeProcessingInitializeOnLoad (16ms)
			ProcessInitializeOnLoadAttributes (1060ms)
			ProcessInitializeOnLoadMethodAttributes (514ms)
			AfterProcessingInitializeOnLoad (0ms)
			EditorAssembliesLoaded (0ms)
		ExecutionOrderSort2 (0ms)
		AwakeInstancesAfterBackupRestoration (0ms)
========================================================================
Worker process is ready to serve import requests
Begin MonoManager ReloadAssembly
- Loaded All Assemblies, in  4.503 seconds
Refreshing native plugins compatible for Editor in 13.39 ms, found 0 plugins.
Native extension for WindowsStandalone target not found
Mono: successfully reloaded assembly
- Finished resetting the current domain, in  2.392 seconds
Domain Reload Profiling: 6892ms
	BeginReloadAssembly (1248ms)
		ExecutionOrderSort (0ms)
		DisableScriptedObjects (30ms)
		BackupInstance (0ms)
		ReleaseScriptingObjects (0ms)
		CreateAndSetChildDomain (206ms)
	RebuildCommonClasses (320ms)
	RebuildNativeTypeToScriptingClass (139ms)
	initialDomainReloadingComplete (162ms)
	LoadAllAssembliesAndSetupDomain (2630ms)
		LoadAssemblies (3251ms)
		RebuildTransferFunctionScriptingTraits (0ms)
		AnalyzeDomain (136ms)
			TypeCache.Refresh (86ms)
				TypeCache.ScanAssembly (64ms)
			ScanForSourceGeneratedMonoScriptInfo (27ms)
			ResolveRequiredComponents (21ms)
	FinalizeReload (2394ms)
		ReleaseScriptCaches (0ms)
		RebuildScriptCaches (0ms)
		SetupLoadedEditorAssemblies (1432ms)
			LogAssemblyErrors (0ms)
			InitializePlatformSupportModulesInManaged (34ms)
			SetLoadedEditorAssemblies (50ms)
			RefreshPlugins (0ms)
			BeforeProcessingInitializeOnLoad (233ms)
			ProcessInitializeOnLoadAttributes (964ms)
			ProcessInitializeOnLoadMethodAttributes (129ms)
			AfterProcessingInitializeOnLoad (21ms)
			EditorAssembliesLoaded (1ms)
		ExecutionOrderSort2 (0ms)
		AwakeInstancesAfterBackupRestoration (56ms)
Launched and connected shader compiler UnityShaderCompiler.exe after 0.77 seconds
Refreshing native plugins compatible for Editor in 15.49 ms, found 0 plugins.
Preloading 0 native plugins for Editor in 0.00 ms.
Unloading 430 Unused Serialized files (Serialized files now loaded: 0)
Unloading 32 unused Assets / (24.1 KB). Loaded Objects now: 994.
Memory consumption went from 77.7 MB to 77.7 MB.
Total: 14.223900 ms (FindLiveObjects: 0.343200 ms CreateObjectMapping: 0.073000 ms MarkObjects: 13.596100 ms  DeleteObjects: 0.207700 ms)

AssetImportParameters requested are different than current active one (requested -> active):
  custom:video-encoder-webm-vp8: eb34c28f22e8b96e1ab97ce403110664 -> 
  custom:video-decoder-webm-vp8: 9c59270c3fd7afecdb556c50c9e8de78 -> 
  custom:audio-decoder-ogg-vorbis: bf7c407c2cedff20999df2af8eb42d56 -> 
  custom:video-decoder-ogg-theora: a1e56fd34408186e4bbccfd4996cb3dc -> 
  custom:audio-encoder-webm-vorbis: bf7c407c2cedff20999df2af8eb42d56 -> 
  custom:SearchIndexIgnoredProperties: e643bd26f0fe6173181afceb89e7c659 -> 
  custom:container-demuxer-ogg: 62fdf1f143b41e24485cea50d1cbac27 -> 
  custom:AudioImporter_EditorPlatform: d09bf68614088b80899f8185d706f6e7 -> 
  custom:CustomObjectIndexerAttribute: 9a22284fe3817be447336de3de66b15e -> 
  custom:framework-win-MediaFoundation: 216162199b28c13a410421893ffa2e32 -> 
  custom:container-demuxer-webm: 4f35f7cbe854078d1ac9338744f61a02 -> 
  custom:container-muxer-webm: aa71ff27fc2769a1b78a27578f13a17b -> 
========================================================================
Received Import Request.
  Time since last request: 18992.944635 seconds.
  path: Assets/TextMesh Pro/Resources/Fonts & Materials/LiberationSans SDF - Outline.mat
  artifactKey: Guid(79459efec17a4d00a321bdcc27bbc385) Importer(815301076,1909f56bfc062723c751e8b465ee728b)
Start importing Assets/TextMesh Pro/Resources/Fonts & Materials/LiberationSans SDF - Outline.mat using Guid(79459efec17a4d00a321bdcc27bbc385) Importer(815301076,1909f56bfc062723c751e8b465ee728b)  -> (artifact id: '8a6925231715946d3e7aecf998f30398') in 3.112050 seconds
Number of updated asset objects reloaded before import = 0
Number of asset objects unloaded after import = 2
========================================================================
Received Import Request.
  Time since last request: 0.000119 seconds.
  path: Assets/TextMesh Pro/Resources/Fonts & Materials/LiberationSans SDF - Drop Shadow.mat
  artifactKey: Guid(e73a58f6e2794ae7b1b7e50b7fb811b0) Importer(815301076,1909f56bfc062723c751e8b465ee728b)
Start importing Assets/TextMesh Pro/Resources/Fonts & Materials/LiberationSans SDF - Drop Shadow.mat using Guid(e73a58f6e2794ae7b1b7e50b7fb811b0) Importer(815301076,1909f56bfc062723c751e8b465ee728b)  -> (artifact id: '4d4c101288d983749de4a2cae7ae6649') in 0.612601 seconds
Number of updated asset objects reloaded before import = 0
Number of asset objects unloaded after import = 2
========================================================================
Received Prepare
Begin MonoManager ReloadAssembly
- Loaded All Assemblies, in  6.911 seconds
Refreshing native plugins compatible for Editor in 21.82 ms, found 0 plugins.
Native extension for WindowsStandalone target not found
Mono: successfully reloaded assembly
- Finished resetting the current domain, in  3.974 seconds
Domain Reload Profiling: 10888ms
	BeginReloadAssembly (4503ms)
		ExecutionOrderSort (0ms)
		DisableScriptedObjects (36ms)
		BackupInstance (0ms)
		ReleaseScriptingObjects (0ms)
		CreateAndSetChildDomain (637ms)
	RebuildCommonClasses (269ms)
	RebuildNativeTypeToScriptingClass (80ms)
	initialDomainReloadingComplete (184ms)
	LoadAllAssembliesAndSetupDomain (1871ms)
		LoadAssemblies (5485ms)
		RebuildTransferFunctionScriptingTraits (0ms)
		AnalyzeDomain (85ms)
			TypeCache.Refresh (37ms)
				TypeCache.ScanAssembly (4ms)
			ScanForSourceGeneratedMonoScriptInfo (22ms)
			ResolveRequiredComponents (24ms)
	FinalizeReload (3981ms)
		ReleaseScriptCaches (0ms)
		RebuildScriptCaches (0ms)
		SetupLoadedEditorAssemblies (2183ms)
			LogAssemblyErrors (0ms)
			InitializePlatformSupportModulesInManaged (42ms)
			SetLoadedEditorAssemblies (19ms)
			RefreshPlugins (0ms)
			BeforeProcessingInitializeOnLoad (279ms)
			ProcessInitializeOnLoadAttributes (1580ms)
			ProcessInitializeOnLoadMethodAttributes (236ms)
			AfterProcessingInitializeOnLoad (26ms)
			EditorAssembliesLoaded (1ms)
		ExecutionOrderSort2 (0ms)
		AwakeInstancesAfterBackupRestoration (88ms)
Refreshing native plugins compatible for Editor in 25.97 ms, found 0 plugins.
Preloading 0 native plugins for Editor in 0.00 ms.
Unloading 368 Unused Serialized files (Serialized files now loaded: 0)
Unloading 11 unused Assets / (25.4 KB). Loaded Objects now: 1035.
Memory consumption went from 70.2 MB to 70.1 MB.
Total: 132.197000 ms (FindLiveObjects: 0.447700 ms CreateObjectMapping: 0.087000 ms MarkObjects: 131.390900 ms  DeleteObjects: 0.266400 ms)

Prepare: number of updated asset objects reloaded= 0
AssetImportParameters requested are different than current active one (requested -> active):
  custom:video-encoder-webm-vp8: eb34c28f22e8b96e1ab97ce403110664 -> 
  custom:video-decoder-webm-vp8: 9c59270c3fd7afecdb556c50c9e8de78 -> 
  custom:audio-decoder-ogg-vorbis: bf7c407c2cedff20999df2af8eb42d56 -> 
  custom:video-decoder-ogg-theora: a1e56fd34408186e4bbccfd4996cb3dc -> 
  custom:audio-encoder-webm-vorbis: bf7c407c2cedff20999df2af8eb42d56 -> 
  custom:SearchIndexIgnoredProperties: e643bd26f0fe6173181afceb89e7c659 -> 
  custom:container-demuxer-ogg: 62fdf1f143b41e24485cea50d1cbac27 -> 
  custom:AudioImporter_EditorPlatform: d09bf68614088b80899f8185d706f6e7 -> 
  custom:CustomObjectIndexerAttribute: 9a22284fe3817be447336de3de66b15e -> 
  custom:framework-win-MediaFoundation: 216162199b28c13a410421893ffa2e32 -> 
  custom:container-demuxer-webm: 4f35f7cbe854078d1ac9338744f61a02 -> 
  custom:container-muxer-webm: aa71ff27fc2769a1b78a27578f13a17b -> 
========================================================================
Received Import Request.
  Time since last request: 3991.068483 seconds.
  path: Assets/Scenes/Menu.unity
  artifactKey: Guid(2f5416fa22540ab458bd0e0c5f92dc75) Importer(815301076,1909f56bfc062723c751e8b465ee728b)
Start importing Assets/Scenes/Menu.unity using Guid(2f5416fa22540ab458bd0e0c5f92dc75) Importer(815301076,1909f56bfc062723c751e8b465ee728b)  -> (artifact id: 'b44be10f85977b1acd7e3ed0441a1877') in 0.007997 seconds
Number of updated asset objects reloaded before import = 0
Number of asset objects unloaded after import = 0
========================================================================
Received Prepare
Begin MonoManager ReloadAssembly
- Loaded All Assemblies, in  2.170 seconds
Refreshing native plugins compatible for Editor in 12.30 ms, found 0 plugins.
Native extension for WindowsStandalone target not found
Mono: successfully reloaded assembly
- Finished resetting the current domain, in  2.724 seconds
Domain Reload Profiling: 4891ms
	BeginReloadAssembly (950ms)
		ExecutionOrderSort (0ms)
		DisableScriptedObjects (38ms)
		BackupInstance (0ms)
		ReleaseScriptingObjects (0ms)
		CreateAndSetChildDomain (107ms)
	RebuildCommonClasses (261ms)
	RebuildNativeTypeToScriptingClass (70ms)
	initialDomainReloadingComplete (170ms)
	LoadAllAssembliesAndSetupDomain (714ms)
		LoadAssemblies (1359ms)
		RebuildTransferFunctionScriptingTraits (0ms)
		AnalyzeDomain (49ms)
			TypeCache.Refresh (24ms)
				TypeCache.ScanAssembly (0ms)
			ScanForSourceGeneratedMonoScriptInfo (1ms)
			ResolveRequiredComponents (22ms)
	FinalizeReload (2726ms)
		ReleaseScriptCaches (0ms)
		RebuildScriptCaches (0ms)
		SetupLoadedEditorAssemblies (1442ms)
			LogAssemblyErrors (0ms)
			InitializePlatformSupportModulesInManaged (42ms)
			SetLoadedEditorAssemblies (21ms)
			RefreshPlugins (0ms)
			BeforeProcessingInitializeOnLoad (216ms)
			ProcessInitializeOnLoadAttributes (1007ms)
			ProcessInitializeOnLoadMethodAttributes (133ms)
			AfterProcessingInitializeOnLoad (21ms)
			EditorAssembliesLoaded (1ms)
		ExecutionOrderSort2 (0ms)
		AwakeInstancesAfterBackupRestoration (104ms)
Refreshing native plugins compatible for Editor in 15.23 ms, found 0 plugins.
Preloading 0 native plugins for Editor in 0.00 ms.
Unloading 368 Unused Serialized files (Serialized files now loaded: 0)
Unloading 11 unused Assets / (25.4 KB). Loaded Objects now: 1035.
Memory consumption went from 72.1 MB to 72.1 MB.
Total: 13.477100 ms (FindLiveObjects: 0.459700 ms CreateObjectMapping: 0.078700 ms MarkObjects: 12.794500 ms  DeleteObjects: 0.138400 ms)

Prepare: number of updated asset objects reloaded= 0
AssetImportParameters requested are different than current active one (requested -> active):
  custom:video-encoder-webm-vp8: eb34c28f22e8b96e1ab97ce403110664 -> 
  custom:video-decoder-webm-vp8: 9c59270c3fd7afecdb556c50c9e8de78 -> 
  custom:audio-decoder-ogg-vorbis: bf7c407c2cedff20999df2af8eb42d56 -> 
  custom:video-decoder-ogg-theora: a1e56fd34408186e4bbccfd4996cb3dc -> 
  custom:audio-encoder-webm-vorbis: bf7c407c2cedff20999df2af8eb42d56 -> 
  custom:SearchIndexIgnoredProperties: e643bd26f0fe6173181afceb89e7c659 -> 
  custom:container-demuxer-ogg: 62fdf1f143b41e24485cea50d1cbac27 -> 
  custom:AudioImporter_EditorPlatform: d09bf68614088b80899f8185d706f6e7 -> 
  custom:CustomObjectIndexerAttribute: 9a22284fe3817be447336de3de66b15e -> 
  custom:framework-win-MediaFoundation: 216162199b28c13a410421893ffa2e32 -> 
  custom:container-demuxer-webm: 4f35f7cbe854078d1ac9338744f61a02 -> 
  custom:container-muxer-webm: aa71ff27fc2769a1b78a27578f13a17b -> 
========================================================================
Received Import Request.
  Time since last request: 224.442065 seconds.
  path: Assets/TextMesh Pro/Fonts/LiberationSans.ttf
  artifactKey: Guid(e3265ab4bf004d28a9537516768c1c75) Importer(815301076,1909f56bfc062723c751e8b465ee728b)
Start importing Assets/TextMesh Pro/Fonts/LiberationSans.ttf using Guid(e3265ab4bf004d28a9537516768c1c75) Importer(815301076,1909f56bfc062723c751e8b465ee728b)  -> (artifact id: '8756f7c291147a75e95d0f4a0d9e7e56') in 0.866036 seconds
Number of updated asset objects reloaded before import = 0
Number of asset objects unloaded after import = 4
========================================================================
Received Import Request.
  Time since last request: 0.000165 seconds.
  path: Assets/TextMesh Pro/Fonts
  artifactKey: Guid(6ab70aee4d56447429c680537fbf93ed) Importer(815301076,1909f56bfc062723c751e8b465ee728b)
Start importing Assets/TextMesh Pro/Fonts using Guid(6ab70aee4d56447429c680537fbf93ed) Importer(815301076,1909f56bfc062723c751e8b465ee728b)  -> (artifact id: '25524e152126d39616bdb6d7e34b8aa6') in 0.005085 seconds
Number of updated asset objects reloaded before import = 0
Number of asset objects unloaded after import = 0
========================================================================
Received Import Request.
  Time since last request: 40.482765 seconds.
  path: Assets/TextMesh Pro/Fonts/PAPYRUS.TTF
  artifactKey: Guid(85154ab73ecd57a4caf637535c3a84d5) Importer(815301076,1909f56bfc062723c751e8b465ee728b)
Start importing Assets/TextMesh Pro/Fonts/PAPYRUS.TTF using Guid(85154ab73ecd57a4caf637535c3a84d5) Importer(815301076,1909f56bfc062723c751e8b465ee728b)  -> (artifact id: '4ea31c6f518021a8f0a044143e46faad') in 0.124988 seconds
Number of updated asset objects reloaded before import = 0
Number of asset objects unloaded after import = 4
========================================================================
Received Import Request.
  Time since last request: 19.852330 seconds.
  path: Assets/Font/Anton.ttf
  artifactKey: Guid(d44887fafcf17a642b9ee62507626f1f) Importer(815301076,1909f56bfc062723c751e8b465ee728b)
Start importing Assets/Font/Anton.ttf using Guid(d44887fafcf17a642b9ee62507626f1f) Importer(815301076,1909f56bfc062723c751e8b465ee728b)  -> (artifact id: 'bff6267757572618390dc3b76ab85cd6') in 0.412730 seconds
Number of updated asset objects reloaded before import = 0
Number of asset objects unloaded after import = 4
========================================================================
Received Import Request.
  Time since last request: 0.000753 seconds.
  path: Assets/Font/Electronic Highway Sign.ttf
  artifactKey: Guid(1750111d2ac9fd94593a05ed3eae5263) Importer(815301076,1909f56bfc062723c751e8b465ee728b)
Start importing Assets/Font/Electronic Highway Sign.ttf using Guid(1750111d2ac9fd94593a05ed3eae5263) Importer(815301076,1909f56bfc062723c751e8b465ee728b)  -> (artifact id: 'e89bcc8663869798db39064ceee90754') in 0.260435 seconds
Number of updated asset objects reloaded before import = 0
Number of asset objects unloaded after import = 4
========================================================================
Received Import Request.
  Time since last request: 0.000716 seconds.
  path: Assets/Font/Roboto-Bold.ttf
  artifactKey: Guid(8dee42f154daa894b9434ec7d0884e02) Importer(815301076,1909f56bfc062723c751e8b465ee728b)
Start importing Assets/Font/Roboto-Bold.ttf using Guid(8dee42f154daa894b9434ec7d0884e02) Importer(815301076,1909f56bfc062723c751e8b465ee728b)  -> (artifact id: '24250d43ab5b624de4d2eff983688a91') in 1.147524 seconds
Number of updated asset objects reloaded before import = 0
Number of asset objects unloaded after import = 4
========================================================================
Received Import Request.
  Time since last request: 0.005601 seconds.
  path: Assets/Font/LiberationSans.ttf
  artifactKey: Guid(a5e1132a27f871745962cda2838ce9fc) Importer(815301076,1909f56bfc062723c751e8b465ee728b)
Start importing Assets/Font/LiberationSans.ttf using Guid(a5e1132a27f871745962cda2838ce9fc) Importer(815301076,1909f56bfc062723c751e8b465ee728b)  -> (artifact id: '97a6cbcdd46d944d6bcca259d2dd00e9') in 0.213739 seconds
Number of updated asset objects reloaded before import = 0
Number of asset objects unloaded after import = 4
========================================================================
Received Import Request.
  Time since last request: 0.000215 seconds.
  path: Assets/Font/Oswald-Bold.ttf
  artifactKey: Guid(8e8e2556906e5634892faee438a701f4) Importer(815301076,1909f56bfc062723c751e8b465ee728b)
Start importing Assets/Font/Oswald-Bold.ttf using Guid(8e8e2556906e5634892faee438a701f4) Importer(815301076,1909f56bfc062723c751e8b465ee728b)  -> (artifact id: '1c6ad513b351c313438a4f59ef24c5a8') in 0.209363 seconds
Number of updated asset objects reloaded before import = 0
Number of asset objects unloaded after import = 4
========================================================================
Received Import Request.
  Time since last request: 0.000658 seconds.
  path: Assets/Font/Bangers.ttf
  artifactKey: Guid(b5fddb572c0b9c549ae253f5ee567567) Importer(815301076,1909f56bfc062723c751e8b465ee728b)
Start importing Assets/Font/Bangers.ttf using Guid(b5fddb572c0b9c549ae253f5ee567567) Importer(815301076,1909f56bfc062723c751e8b465ee728b)  -> (artifact id: '60356adcaa45e2d13a70808b8919caf6') in 0.073933 seconds
Number of updated asset objects reloaded before import = 0
Number of asset objects unloaded after import = 4
========================================================================
Received Import Request.
  Time since last request: 161.690822 seconds.
  path: Assets/TextMesh Pro/Fonts/PAPYRUS SDF.asset
  artifactKey: Guid(9ee379e6b93889d4c8fa4835fcc72543) Importer(815301076,1909f56bfc062723c751e8b465ee728b)
Start importing Assets/TextMesh Pro/Fonts/PAPYRUS SDF.asset using Guid(9ee379e6b93889d4c8fa4835fcc72543) Importer(815301076,1909f56bfc062723c751e8b465ee728b)  -> (artifact id: '3da7e3fcb3e88f9d349d373513873553') in 1.491340 seconds
Number of updated asset objects reloaded before import = 0
Number of asset objects unloaded after import = 6
========================================================================
Received Import Request.
  Time since last request: 6.623137 seconds.
  path: Assets/Scenes/level1.split0/level1.split0_LM0_dir.texture2D
  artifactKey: Guid(91233f467eaca364099e6513351d033d) Importer(815301076,1909f56bfc062723c751e8b465ee728b)
Start importing Assets/Scenes/level1.split0/level1.split0_LM0_dir.texture2D using Guid(91233f467eaca364099e6513351d033d) Importer(815301076,1909f56bfc062723c751e8b465ee728b)  -> (artifact id: '037fd90059edd63f6f0c4eec3769a2c8') in 1.105574 seconds
Number of updated asset objects reloaded before import = 0
Number of asset objects unloaded after import = 2
========================================================================
Received Import Request.
  Time since last request: 0.000137 seconds.
  path: Assets/Scenes/level1.split0/level1.split0_LM0_final.texture2D
  artifactKey: Guid(3c5325ace17ea414881507fa6023d784) Importer(815301076,1909f56bfc062723c751e8b465ee728b)
Start importing Assets/Scenes/level1.split0/level1.split0_LM0_final.texture2D using Guid(3c5325ace17ea414881507fa6023d784) Importer(815301076,1909f56bfc062723c751e8b465ee728b)  -> (artifact id: 'fd039be103bd1eceeb4d68186144b836') in 1.058679 seconds
Number of updated asset objects reloaded before import = 0
Number of asset objects unloaded after import = 2
========================================================================
Received Import Request.
  Time since last request: 0.000153 seconds.
  path: Assets/Scenes/level1.split0/level1.split0_LMA2_dir.texture2D
  artifactKey: Guid(0ab40794605f781438f84f1bd216353c) Importer(815301076,1909f56bfc062723c751e8b465ee728b)
Start importing Assets/Scenes/level1.split0/level1.split0_LMA2_dir.texture2D using Guid(0ab40794605f781438f84f1bd216353c) Importer(815301076,1909f56bfc062723c751e8b465ee728b)  -> (artifact id: '5ae7b033dd9870e5a9560bc91ff8d4cb') in 0.400805 seconds
Number of updated asset objects reloaded before import = 0
Number of asset objects unloaded after import = 2
========================================================================
Received Import Request.
  Time since last request: 0.000062 seconds.
  path: Assets/Scenes/level1.split0/level1.split0_LMA1_dir.texture2D
  artifactKey: Guid(d53dbd01fd7fdfa4485508d1024f07df) Importer(815301076,1909f56bfc062723c751e8b465ee728b)
Start importing Assets/Scenes/level1.split0/level1.split0_LMA1_dir.texture2D using Guid(d53dbd01fd7fdfa4485508d1024f07df) Importer(815301076,1909f56bfc062723c751e8b465ee728b)  -> (artifact id: 'ff332e4fb4fd3e656a65fccff6c4d8cb') in 1.244908 seconds
Number of updated asset objects reloaded before import = 0
Number of asset objects unloaded after import = 2
========================================================================
Received Import Request.
  Time since last request: 0.000139 seconds.
  path: Assets/Scenes/level1.split0/level1.split0_LMA2_final.texture2D
  artifactKey: Guid(1a45a92cdb24e3940b109cd76594ba70) Importer(815301076,1909f56bfc062723c751e8b465ee728b)
Start importing Assets/Scenes/level1.split0/level1.split0_LMA2_final.texture2D using Guid(1a45a92cdb24e3940b109cd76594ba70) Importer(815301076,1909f56bfc062723c751e8b465ee728b)  -> (artifact id: 'd471a10a5e5b385766d8a728b2a6dfe5') in 0.318116 seconds
Number of updated asset objects reloaded before import = 0
Number of asset objects unloaded after import = 2
========================================================================
Received Import Request.
  Time since last request: 0.000126 seconds.
  path: Assets/Scenes/level1.split0/level1.split0_LMA1_final.texture2D
  artifactKey: Guid(e2f57f6b1c5b395428578aa062c33852) Importer(815301076,1909f56bfc062723c751e8b465ee728b)
Start importing Assets/Scenes/level1.split0/level1.split0_LMA1_final.texture2D using Guid(e2f57f6b1c5b395428578aa062c33852) Importer(815301076,1909f56bfc062723c751e8b465ee728b)  -> (artifact id: '634c01b3448a838264dc308b794c0f0f') in 1.085689 seconds
Number of updated asset objects reloaded before import = 0
Number of asset objects unloaded after import = 2
========================================================================
Received Import Request.
  Time since last request: 0.000121 seconds.
  path: Assets/Scenes/level1.split0.unity
  artifactKey: Guid(b869f36389d7cd643b3e6fde2f29000f) Importer(815301076,1909f56bfc062723c751e8b465ee728b)
Start importing Assets/Scenes/level1.split0.unity using Guid(b869f36389d7cd643b3e6fde2f29000f) Importer(815301076,1909f56bfc062723c751e8b465ee728b)  -> (artifact id: '4f27faaa83c421db2081e04edc876818') in 0.002828 seconds
Number of updated asset objects reloaded before import = 0
Number of asset objects unloaded after import = 0
========================================================================
Received Import Request.
  Time since last request: 0.000150 seconds.
  path: Assets/Scenes/level1.split0/LightingData.asset
  artifactKey: Guid(ad49c465263badf46a9dbea83feed4f8) Importer(815301076,1909f56bfc062723c751e8b465ee728b)
Start importing Assets/Scenes/level1.split0/LightingData.asset using Guid(ad49c465263badf46a9dbea83feed4f8) Importer(815301076,1909f56bfc062723c751e8b465ee728b)  -> (artifact id: '5a838f1522f7bfa7f58cde5939f26582') in 0.007654 seconds
Number of updated asset objects reloaded before import = 0
Number of asset objects unloaded after import = 2
========================================================================
Received Import Request.
  Time since last request: 599.745595 seconds.
  path: Assets/Scenes/level1.split0.unity
  artifactKey: Guid(b869f36389d7cd643b3e6fde2f29000f) Importer(815301076,1909f56bfc062723c751e8b465ee728b)
Start importing Assets/Scenes/level1.split0.unity using Guid(b869f36389d7cd643b3e6fde2f29000f) Importer(815301076,1909f56bfc062723c751e8b465ee728b)  -> (artifact id: '139029b395348ad10e21b771a1f0cf53') in 0.001844 seconds
Number of updated asset objects reloaded before import = 0
Number of asset objects unloaded after import = 0
========================================================================
Received Prepare
Begin MonoManager ReloadAssembly
- Loaded All Assemblies, in  2.240 seconds
Refreshing native plugins compatible for Editor in 13.41 ms, found 0 plugins.
Native extension for WindowsStandalone target not found
Mono: successfully reloaded assembly
- Finished resetting the current domain, in  2.600 seconds
Domain Reload Profiling: 4839ms
	BeginReloadAssembly (943ms)
		ExecutionOrderSort (0ms)
		DisableScriptedObjects (26ms)
		BackupInstance (0ms)
		ReleaseScriptingObjects (0ms)
		CreateAndSetChildDomain (108ms)
	RebuildCommonClasses (260ms)
	RebuildNativeTypeToScriptingClass (73ms)
	initialDomainReloadingComplete (162ms)
	LoadAllAssembliesAndSetupDomain (797ms)
		LoadAssemblies (1443ms)
		RebuildTransferFunctionScriptingTraits (0ms)
		AnalyzeDomain (43ms)
			TypeCache.Refresh (19ms)
				TypeCache.ScanAssembly (0ms)
			ScanForSourceGeneratedMonoScriptInfo (1ms)
			ResolveRequiredComponents (21ms)
	FinalizeReload (2604ms)
		ReleaseScriptCaches (0ms)
		RebuildScriptCaches (0ms)
		SetupLoadedEditorAssemblies (1462ms)
			LogAssemblyErrors (0ms)
			InitializePlatformSupportModulesInManaged (34ms)
			SetLoadedEditorAssemblies (37ms)
			RefreshPlugins (0ms)
			BeforeProcessingInitializeOnLoad (218ms)
			ProcessInitializeOnLoadAttributes (1005ms)
			ProcessInitializeOnLoadMethodAttributes (141ms)
			AfterProcessingInitializeOnLoad (26ms)
			EditorAssembliesLoaded (1ms)
		ExecutionOrderSort2 (0ms)
		AwakeInstancesAfterBackupRestoration (62ms)
Refreshing native plugins compatible for Editor in 15.71 ms, found 0 plugins.
Preloading 0 native plugins for Editor in 0.00 ms.
Unloading 368 Unused Serialized files (Serialized files now loaded: 0)
Unloading 11 unused Assets / (25.4 KB). Loaded Objects now: 1042.
Memory consumption went from 74.2 MB to 74.2 MB.
Total: 12.369200 ms (FindLiveObjects: 0.530400 ms CreateObjectMapping: 0.085400 ms MarkObjects: 11.594400 ms  DeleteObjects: 0.152900 ms)

Prepare: number of updated asset objects reloaded= 0
AssetImportParameters requested are different than current active one (requested -> active):
  custom:video-encoder-webm-vp8: eb34c28f22e8b96e1ab97ce403110664 -> 
  custom:video-decoder-webm-vp8: 9c59270c3fd7afecdb556c50c9e8de78 -> 
  custom:audio-decoder-ogg-vorbis: bf7c407c2cedff20999df2af8eb42d56 -> 
  custom:video-decoder-ogg-theora: a1e56fd34408186e4bbccfd4996cb3dc -> 
  custom:audio-encoder-webm-vorbis: bf7c407c2cedff20999df2af8eb42d56 -> 
  custom:SearchIndexIgnoredProperties: e643bd26f0fe6173181afceb89e7c659 -> 
  custom:container-demuxer-ogg: 62fdf1f143b41e24485cea50d1cbac27 -> 
  custom:AudioImporter_EditorPlatform: d09bf68614088b80899f8185d706f6e7 -> 
  custom:CustomObjectIndexerAttribute: 9a22284fe3817be447336de3de66b15e -> 
  custom:framework-win-MediaFoundation: 216162199b28c13a410421893ffa2e32 -> 
  custom:container-demuxer-webm: 4f35f7cbe854078d1ac9338744f61a02 -> 
  custom:container-muxer-webm: aa71ff27fc2769a1b78a27578f13a17b -> 
========================================================================
Received Prepare
Begin MonoManager ReloadAssembly
- Loaded All Assemblies, in  2.682 seconds
Refreshing native plugins compatible for Editor in 19.58 ms, found 0 plugins.
Native extension for WindowsStandalone target not found
Mono: successfully reloaded assembly
- Finished resetting the current domain, in  2.518 seconds
Domain Reload Profiling: 5198ms
	BeginReloadAssembly (1267ms)
		ExecutionOrderSort (0ms)
		DisableScriptedObjects (36ms)
		BackupInstance (0ms)
		ReleaseScriptingObjects (0ms)
		CreateAndSetChildDomain (150ms)
	RebuildCommonClasses (303ms)
	RebuildNativeTypeToScriptingClass (88ms)
	initialDomainReloadingComplete (169ms)
	LoadAllAssembliesAndSetupDomain (850ms)
		LoadAssemblies (1759ms)
		RebuildTransferFunctionScriptingTraits (0ms)
		AnalyzeDomain (48ms)
			TypeCache.Refresh (18ms)
				TypeCache.ScanAssembly (0ms)
			ScanForSourceGeneratedMonoScriptInfo (1ms)
			ResolveRequiredComponents (27ms)
	FinalizeReload (2521ms)
		ReleaseScriptCaches (0ms)
		RebuildScriptCaches (0ms)
		SetupLoadedEditorAssemblies (1384ms)
			LogAssemblyErrors (0ms)
			InitializePlatformSupportModulesInManaged (32ms)
			SetLoadedEditorAssemblies (21ms)
			RefreshPlugins (0ms)
			BeforeProcessingInitializeOnLoad (219ms)
			ProcessInitializeOnLoadAttributes (933ms)
			ProcessInitializeOnLoadMethodAttributes (155ms)
			AfterProcessingInitializeOnLoad (23ms)
			EditorAssembliesLoaded (1ms)
		ExecutionOrderSort2 (0ms)
		AwakeInstancesAfterBackupRestoration (59ms)
Refreshing native plugins compatible for Editor in 14.99 ms, found 0 plugins.
Preloading 0 native plugins for Editor in 0.00 ms.
Unloading 369 Unused Serialized files (Serialized files now loaded: 0)
Unloading 11 unused Assets / (25.4 KB). Loaded Objects now: 1042.
Memory consumption went from 76.4 MB to 76.4 MB.
Total: 12.832300 ms (FindLiveObjects: 0.346600 ms CreateObjectMapping: 0.068000 ms MarkObjects: 12.212000 ms  DeleteObjects: 0.201200 ms)

Prepare: number of updated asset objects reloaded= 0
AssetImportParameters requested are different than current active one (requested -> active):
  custom:video-encoder-webm-vp8: eb34c28f22e8b96e1ab97ce403110664 -> 
  custom:video-decoder-webm-vp8: 9c59270c3fd7afecdb556c50c9e8de78 -> 
  custom:audio-decoder-ogg-vorbis: bf7c407c2cedff20999df2af8eb42d56 -> 
  custom:video-decoder-ogg-theora: a1e56fd34408186e4bbccfd4996cb3dc -> 
  custom:audio-encoder-webm-vorbis: bf7c407c2cedff20999df2af8eb42d56 -> 
  custom:SearchIndexIgnoredProperties: e643bd26f0fe6173181afceb89e7c659 -> 
  custom:container-demuxer-ogg: 62fdf1f143b41e24485cea50d1cbac27 -> 
  custom:AudioImporter_EditorPlatform: d09bf68614088b80899f8185d706f6e7 -> 
  custom:CustomObjectIndexerAttribute: 9a22284fe3817be447336de3de66b15e -> 
  custom:framework-win-MediaFoundation: 216162199b28c13a410421893ffa2e32 -> 
  custom:container-demuxer-webm: 4f35f7cbe854078d1ac9338744f61a02 -> 
  custom:container-muxer-webm: aa71ff27fc2769a1b78a27578f13a17b -> 
========================================================================
Received Import Request.
  Time since last request: 938.927592 seconds.
  path: Assets/Scenes/level2.split0.unity
  artifactKey: Guid(a93da916b32b5a04295c51c00b30a10b) Importer(815301076,1909f56bfc062723c751e8b465ee728b)
Start importing Assets/Scenes/level2.split0.unity using Guid(a93da916b32b5a04295c51c00b30a10b) Importer(815301076,1909f56bfc062723c751e8b465ee728b)  -> (artifact id: '83c2220a7c8ca5a43fdd803198f75431') in 0.009281 seconds
Number of updated asset objects reloaded before import = 0
Number of asset objects unloaded after import = 0
========================================================================
Received Import Request.
  Time since last request: 47.272549 seconds.
  path: Assets/Scenes/Level3.unity
  artifactKey: Guid(2b35144fdf2ed994583f1f6b81678897) Importer(815301076,1909f56bfc062723c751e8b465ee728b)
Start importing Assets/Scenes/Level3.unity using Guid(2b35144fdf2ed994583f1f6b81678897) Importer(815301076,1909f56bfc062723c751e8b465ee728b)  -> (artifact id: '20966eaa350697a05180d90ebaedf863') in 0.001772 seconds
Number of updated asset objects reloaded before import = 0
Number of asset objects unloaded after import = 0
========================================================================
Received Import Request.
  Time since last request: 27.463574 seconds.
  path: Assets/TextMesh Pro/Fonts/PAPYRUS SDF.asset
  artifactKey: Guid(9ee379e6b93889d4c8fa4835fcc72543) Importer(815301076,1909f56bfc062723c751e8b465ee728b)
Start importing Assets/TextMesh Pro/Fonts/PAPYRUS SDF.asset using Guid(9ee379e6b93889d4c8fa4835fcc72543) Importer(815301076,1909f56bfc062723c751e8b465ee728b)  -> (artifact id: 'dd8f93813fff682e870cc469716bc28a') in 2.080807 seconds
Number of updated asset objects reloaded before import = 0
Number of asset objects unloaded after import = 6
========================================================================
Received Import Request.
  Time since last request: 12.523089 seconds.
  path: Assets/Scenes/level2.split0.unity
  artifactKey: Guid(a93da916b32b5a04295c51c00b30a10b) Importer(815301076,1909f56bfc062723c751e8b465ee728b)
Start importing Assets/Scenes/level2.split0.unity using Guid(a93da916b32b5a04295c51c00b30a10b) Importer(815301076,1909f56bfc062723c751e8b465ee728b)  -> (artifact id: '7c26580219da91bacd5dc15f0a6a916e') in 0.003015 seconds
Number of updated asset objects reloaded before import = 0
Number of asset objects unloaded after import = 0
========================================================================
Received Import Request.
  Time since last request: 16.030536 seconds.
  path: Assets/Scenes/Level3.unity
  artifactKey: Guid(2b35144fdf2ed994583f1f6b81678897) Importer(815301076,1909f56bfc062723c751e8b465ee728b)
Start importing Assets/Scenes/Level3.unity using Guid(2b35144fdf2ed994583f1f6b81678897) Importer(815301076,1909f56bfc062723c751e8b465ee728b)  -> (artifact id: 'cf2e6128375340ea1716a27484c478ef') in 0.002216 seconds
Number of updated asset objects reloaded before import = 0
Number of asset objects unloaded after import = 0
========================================================================
Received Prepare
Begin MonoManager ReloadAssembly
- Loaded All Assemblies, in  2.225 seconds
Refreshing native plugins compatible for Editor in 9.89 ms, found 0 plugins.
Native extension for WindowsStandalone target not found
Mono: successfully reloaded assembly
- Finished resetting the current domain, in  2.669 seconds
Domain Reload Profiling: 4891ms
	BeginReloadAssembly (951ms)
		ExecutionOrderSort (0ms)
		DisableScriptedObjects (26ms)
		BackupInstance (0ms)
		ReleaseScriptingObjects (0ms)
		CreateAndSetChildDomain (112ms)
	RebuildCommonClasses (248ms)
	RebuildNativeTypeToScriptingClass (79ms)
	initialDomainReloadingComplete (163ms)
	LoadAllAssembliesAndSetupDomain (778ms)
		LoadAssemblies (1422ms)
		RebuildTransferFunctionScriptingTraits (0ms)
		AnalyzeDomain (55ms)
			TypeCache.Refresh (17ms)
				TypeCache.ScanAssembly (0ms)
			ScanForSourceGeneratedMonoScriptInfo (1ms)
			ResolveRequiredComponents (33ms)
	FinalizeReload (2672ms)
		ReleaseScriptCaches (0ms)
		RebuildScriptCaches (0ms)
		SetupLoadedEditorAssemblies (1517ms)
			LogAssemblyErrors (0ms)
			InitializePlatformSupportModulesInManaged (35ms)
			SetLoadedEditorAssemblies (20ms)
			RefreshPlugins (0ms)
			BeforeProcessingInitializeOnLoad (225ms)
			ProcessInitializeOnLoadAttributes (1046ms)
			ProcessInitializeOnLoadMethodAttributes (168ms)
			AfterProcessingInitializeOnLoad (24ms)
			EditorAssembliesLoaded (1ms)
		ExecutionOrderSort2 (0ms)
		AwakeInstancesAfterBackupRestoration (67ms)
Refreshing native plugins compatible for Editor in 18.50 ms, found 0 plugins.
Preloading 0 native plugins for Editor in 0.00 ms.
Unloading 368 Unused Serialized files (Serialized files now loaded: 0)
Unloading 11 unused Assets / (25.4 KB). Loaded Objects now: 1042.
Memory consumption went from 78.1 MB to 78.1 MB.
Total: 18.245200 ms (FindLiveObjects: 0.989700 ms CreateObjectMapping: 0.117400 ms MarkObjects: 16.975000 ms  DeleteObjects: 0.157700 ms)

Prepare: number of updated asset objects reloaded= 0
AssetImportParameters requested are different than current active one (requested -> active):
  custom:video-encoder-webm-vp8: eb34c28f22e8b96e1ab97ce403110664 -> 
  custom:video-decoder-webm-vp8: 9c59270c3fd7afecdb556c50c9e8de78 -> 
  custom:audio-decoder-ogg-vorbis: bf7c407c2cedff20999df2af8eb42d56 -> 
  custom:video-decoder-ogg-theora: a1e56fd34408186e4bbccfd4996cb3dc -> 
  custom:audio-encoder-webm-vorbis: bf7c407c2cedff20999df2af8eb42d56 -> 
  custom:SearchIndexIgnoredProperties: e643bd26f0fe6173181afceb89e7c659 -> 
  custom:container-demuxer-ogg: 62fdf1f143b41e24485cea50d1cbac27 -> 
  custom:AudioImporter_EditorPlatform: d09bf68614088b80899f8185d706f6e7 -> 
  custom:CustomObjectIndexerAttribute: 9a22284fe3817be447336de3de66b15e -> 
  custom:framework-win-MediaFoundation: 216162199b28c13a410421893ffa2e32 -> 
  custom:container-demuxer-webm: 4f35f7cbe854078d1ac9338744f61a02 -> 
  custom:container-muxer-webm: aa71ff27fc2769a1b78a27578f13a17b -> 
========================================================================
Received Import Request.
  Time since last request: 101.330888 seconds.
  path: Assets/Scenes/level1.split0.unity
  artifactKey: Guid(b869f36389d7cd643b3e6fde2f29000f) Importer(815301076,1909f56bfc062723c751e8b465ee728b)
Start importing Assets/Scenes/level1.split0.unity using Guid(b869f36389d7cd643b3e6fde2f29000f) Importer(815301076,1909f56bfc062723c751e8b465ee728b)  -> (artifact id: 'f0bc1a0ebc371656fdb8e30090453b42') in 0.008357 seconds
Number of updated asset objects reloaded before import = 0
Number of asset objects unloaded after import = 0
========================================================================
Received Prepare
Begin MonoManager ReloadAssembly
- Loaded All Assemblies, in  2.139 seconds
Refreshing native plugins compatible for Editor in 11.83 ms, found 0 plugins.
Native extension for WindowsStandalone target not found
Mono: successfully reloaded assembly
- Finished resetting the current domain, in  2.530 seconds
Domain Reload Profiling: 4667ms
	BeginReloadAssembly (954ms)
		ExecutionOrderSort (0ms)
		DisableScriptedObjects (30ms)
		BackupInstance (0ms)
		ReleaseScriptingObjects (0ms)
		CreateAndSetChildDomain (108ms)
	RebuildCommonClasses (248ms)
	RebuildNativeTypeToScriptingClass (75ms)
	initialDomainReloadingComplete (166ms)
	LoadAllAssembliesAndSetupDomain (692ms)
		LoadAssemblies (1345ms)
		RebuildTransferFunctionScriptingTraits (0ms)
		AnalyzeDomain (42ms)
			TypeCache.Refresh (18ms)
				TypeCache.ScanAssembly (0ms)
			ScanForSourceGeneratedMonoScriptInfo (1ms)
			ResolveRequiredComponents (22ms)
	FinalizeReload (2533ms)
		ReleaseScriptCaches (0ms)
		RebuildScriptCaches (0ms)
		SetupLoadedEditorAssemblies (1482ms)
			LogAssemblyErrors (0ms)
			InitializePlatformSupportModulesInManaged (35ms)
			SetLoadedEditorAssemblies (15ms)
			RefreshPlugins (0ms)
			BeforeProcessingInitializeOnLoad (226ms)
			ProcessInitializeOnLoadAttributes (1047ms)
			ProcessInitializeOnLoadMethodAttributes (138ms)
			AfterProcessingInitializeOnLoad (20ms)
			EditorAssembliesLoaded (1ms)
		ExecutionOrderSort2 (0ms)
		AwakeInstancesAfterBackupRestoration (58ms)
Refreshing native plugins compatible for Editor in 18.26 ms, found 0 plugins.
Preloading 0 native plugins for Editor in 0.00 ms.
Unloading 368 Unused Serialized files (Serialized files now loaded: 0)
Unloading 11 unused Assets / (25.4 KB). Loaded Objects now: 1042.
Memory consumption went from 80.0 MB to 80.0 MB.
Total: 12.810000 ms (FindLiveObjects: 0.437300 ms CreateObjectMapping: 0.074700 ms MarkObjects: 12.145100 ms  DeleteObjects: 0.146900 ms)

Prepare: number of updated asset objects reloaded= 0
AssetImportParameters requested are different than current active one (requested -> active):
  custom:video-encoder-webm-vp8: eb34c28f22e8b96e1ab97ce403110664 -> 
  custom:video-decoder-webm-vp8: 9c59270c3fd7afecdb556c50c9e8de78 -> 
  custom:audio-decoder-ogg-vorbis: bf7c407c2cedff20999df2af8eb42d56 -> 
  custom:video-decoder-ogg-theora: a1e56fd34408186e4bbccfd4996cb3dc -> 
  custom:audio-encoder-webm-vorbis: bf7c407c2cedff20999df2af8eb42d56 -> 
  custom:SearchIndexIgnoredProperties: e643bd26f0fe6173181afceb89e7c659 -> 
  custom:container-demuxer-ogg: 62fdf1f143b41e24485cea50d1cbac27 -> 
  custom:AudioImporter_EditorPlatform: d09bf68614088b80899f8185d706f6e7 -> 
  custom:CustomObjectIndexerAttribute: 9a22284fe3817be447336de3de66b15e -> 
  custom:framework-win-MediaFoundation: 216162199b28c13a410421893ffa2e32 -> 
  custom:container-demuxer-webm: 4f35f7cbe854078d1ac9338744f61a02 -> 
  custom:container-muxer-webm: aa71ff27fc2769a1b78a27578f13a17b -> 
========================================================================
Received Import Request.
  Time since last request: 1140.257390 seconds.
  path: Assets/Scenes
  artifactKey: Guid(6b594d9a5cd939847b74474762c5f588) Importer(815301076,1909f56bfc062723c751e8b465ee728b)
Start importing Assets/Scenes using Guid(6b594d9a5cd939847b74474762c5f588) Importer(815301076,1909f56bfc062723c751e8b465ee728b)  -> (artifact id: '8e30227741a22a15d8e04af9a2ff9c8e') in 0.013450 seconds
Number of updated asset objects reloaded before import = 0
Number of asset objects unloaded after import = 0
========================================================================
Received Import Request.
  Time since last request: 1.786177 seconds.
  path: Assets/Scenes/level1.split0
  artifactKey: Guid(e8b719585098f994b804e1371c7cb429) Importer(815301076,1909f56bfc062723c751e8b465ee728b)
Start importing Assets/Scenes/level1.split0 using Guid(e8b719585098f994b804e1371c7cb429) Importer(815301076,1909f56bfc062723c751e8b465ee728b)  -> (artifact id: '56b8b0170b2848660b9045ccb94f7fbe') in 0.003539 seconds
Number of updated asset objects reloaded before import = 0
Number of asset objects unloaded after import = 0
========================================================================
Received Import Request.
  Time since last request: 0.182579 seconds.
  path: Assets/Scenes/level2.split0
  artifactKey: Guid(849f29f294cc6e54dac542f7dbc6f8b2) Importer(815301076,1909f56bfc062723c751e8b465ee728b)
Start importing Assets/Scenes/level2.split0 using Guid(849f29f294cc6e54dac542f7dbc6f8b2) Importer(815301076,1909f56bfc062723c751e8b465ee728b)  -> (artifact id: '3111d1f60f14a34213a1d72763df6383') in 0.002001 seconds
Number of updated asset objects reloaded before import = 0
Number of asset objects unloaded after import = 0
========================================================================
Received Import Request.
  Time since last request: 0.197733 seconds.
  path: Assets/Scenes/Level3
  artifactKey: Guid(2cfebb77c97f110438535c5098a2a3ef) Importer(815301076,1909f56bfc062723c751e8b465ee728b)
Start importing Assets/Scenes/Level3 using Guid(2cfebb77c97f110438535c5098a2a3ef) Importer(815301076,1909f56bfc062723c751e8b465ee728b)  -> (artifact id: '9bc77678eb201a6c305ebd57cdcfbd32') in 0.003054 seconds
Number of updated asset objects reloaded before import = 0
Number of asset objects unloaded after import = 0
========================================================================
Received Import Request.
  Time since last request: 0.369628 seconds.
  path: Assets/Scenes/level1.split0.unity
  artifactKey: Guid(b869f36389d7cd643b3e6fde2f29000f) Importer(815301076,1909f56bfc062723c751e8b465ee728b)
Start importing Assets/Scenes/level1.split0.unity using Guid(b869f36389d7cd643b3e6fde2f29000f) Importer(815301076,1909f56bfc062723c751e8b465ee728b)  -> (artifact id: '4792e3d6613422430d26c6d9a2811a1d') in 0.001962 seconds
Number of updated asset objects reloaded before import = 0
Number of asset objects unloaded after import = 0
========================================================================
Received Import Request.
  Time since last request: 0.197373 seconds.
  path: Assets/Scenes/level2.split0.unity
  artifactKey: Guid(a93da916b32b5a04295c51c00b30a10b) Importer(815301076,1909f56bfc062723c751e8b465ee728b)
Start importing Assets/Scenes/level2.split0.unity using Guid(a93da916b32b5a04295c51c00b30a10b) Importer(815301076,1909f56bfc062723c751e8b465ee728b)  -> (artifact id: '39687c1d65b02972cab74005489b1f5b') in 0.002024 seconds
Number of updated asset objects reloaded before import = 0
Number of asset objects unloaded after import = 0
========================================================================
Received Import Request.
  Time since last request: 0.501507 seconds.
  path: Assets/Scenes/Level3.unity
  artifactKey: Guid(2b35144fdf2ed994583f1f6b81678897) Importer(815301076,1909f56bfc062723c751e8b465ee728b)
Start importing Assets/Scenes/Level3.unity using Guid(2b35144fdf2ed994583f1f6b81678897) Importer(815301076,1909f56bfc062723c751e8b465ee728b)  -> (artifact id: '51fd5e280a4dd56f8b36dcf5cade364c') in 0.005014 seconds
Number of updated asset objects reloaded before import = 0
Number of asset objects unloaded after import = 0
